{"type":"code","line":1,"col":1,"val":"var user = { name: 'tobi' }","escape":false,"buffer":false}
{"type":"newline","line":2,"col":1}
{"type":"tag","line":2,"col":1,"val":"foo","selfClosing":false}
{"type":"startattributes","line":2,"col":4}
{"type":"attribute","line":2,"col":5,"name":"data-user","val":{"value":"user"},"escape":true}
{"type":"endattributes","line":2,"col":19}
{"type":"newline","line":3,"col":1}
{"type":"tag","line":3,"col":1,"val":"foo","selfClosing":false}
{"type":"startattributes","line":3,"col":4}
{"type":"attribute","line":3,"col":5,"name":"data-items","val":{"value":"[1,2,3]"},"escape":true}
{"type":"endattributes","line":3,"col":23}
{"type":"newline","line":4,"col":1}
{"type":"tag","line":4,"col":1,"val":"foo","selfClosing":false}
{"type":"startattributes","line":4,"col":4}
{"type":"attribute","line":4,"col":5,"name":"data-username","val":"tobi","escape":true}
{"type":"endattributes","line":4,"col":25}
{"type":"newline","line":5,"col":1}
{"type":"tag","line":5,"col":1,"val":"foo","selfClosing":false}
{"type":"startattributes","line":5,"col":4}
{"type":"attribute","line":5,"col":5,"name":"data-escaped","val":{"value":"{message: \"Let's rock!\"}"},"escape":true}
{"type":"endattributes","line":5,"col":42}
{"type":"newline","line":6,"col":1}
{"type":"eos","line":6,"col":1}
