{"type":"tag","line":1,"col":1,"val":"a","selfClosing":false}
{"type":"startattributes","line":1,"col":2}
{"type":"attribute","line":1,"col":3,"name":"href","val":"/contact","escape":true}
{"type":"endattributes","line":1,"col":18}
{"type":"text","line":1,"col":20,"val":"contact"}
{"type":"newline","line":2,"col":1}
{"type":"tag","line":2,"col":1,"val":"a","selfClosing":false}
{"type":"startattributes","line":2,"col":2}
{"type":"attribute","line":2,"col":3,"name":"href","val":"/save","escape":true}
{"type":"endattributes","line":2,"col":15}
{"type":"class","line":2,"col":16,"val":"button"}
{"type":"text","line":2,"col":24,"val":"save"}
{"type":"newline","line":3,"col":1}
{"type":"tag","line":3,"col":1,"val":"a","selfClosing":false}
{"type":"startattributes","line":3,"col":2}
{"type":"attribute","line":3,"col":3,"name":"foo","val":true,"escape":true}
{"type":"attribute","line":3,"col":8,"name":"bar","val":true,"escape":true}
{"type":"attribute","line":3,"col":13,"name":"baz","val":true,"escape":true}
{"type":"endattributes","line":3,"col":16}
{"type":"newline","line":4,"col":1}
{"type":"tag","line":4,"col":1,"val":"a","selfClosing":false}
{"type":"startattributes","line":4,"col":2}
{"type":"attribute","line":4,"col":3,"name":"foo","val":"foo, bar, baz","escape":true}
{"type":"attribute","line":4,"col":24,"name":"bar","val":{"value":"1"},"escape":true}
{"type":"endattributes","line":4,"col":29}
{"type":"newline","line":5,"col":1}
{"type":"tag","line":5,"col":1,"val":"a","selfClosing":false}
{"type":"startattributes","line":5,"col":2}
{"type":"attribute","line":5,"col":3,"name":"foo","val":"((foo))","escape":true}
{"type":"attribute","line":5,"col":18,"name":"bar","val":{"value":"(1) ? 1 : 0"},"escape":true}
{"type":"endattributes","line":5,"col":35}
{"type":"newline","line":6,"col":1}
{"type":"tag","line":6,"col":1,"val":"select","selfClosing":false}
{"type":"indent","line":7,"col":1,"val":"2"}
{"type":"tag","line":7,"col":3,"val":"option","selfClosing":false}
{"type":"startattributes","line":7,"col":9}
{"type":"attribute","line":7,"col":10,"name":"value","val":"foo","escape":true}
{"type":"attribute","line":7,"col":23,"name":"selected","val":true,"escape":true}
{"type":"endattributes","line":7,"col":31}
{"type":"text","line":7,"col":33,"val":"Foo"}
{"type":"newline","line":8,"col":1}
{"type":"tag","line":8,"col":3,"val":"option","selfClosing":false}
{"type":"startattributes","line":8,"col":9}
{"type":"attribute","line":8,"col":10,"name":"selected","val":true,"escape":true}
{"type":"attribute","line":8,"col":20,"name":"value","val":"bar","escape":true}
{"type":"endattributes","line":8,"col":31}
{"type":"text","line":8,"col":33,"val":"Bar"}
{"type":"outdent","line":9,"col":1}
{"type":"tag","line":9,"col":1,"val":"a","selfClosing":false}
{"type":"startattributes","line":9,"col":2}
{"type":"attribute","line":9,"col":3,"name":"foo","val":"class:","escape":true}
{"type":"endattributes","line":9,"col":15}
{"type":"newline","line":10,"col":1}
{"type":"tag","line":10,"col":1,"val":"input","selfClosing":false}
{"type":"startattributes","line":10,"col":6}
{"type":"attribute","line":10,"col":7,"name":"pattern","val":"\\S+","escape":true}
{"type":"endattributes","line":10,"col":21}
{"type":"newline","line":12,"col":1}
{"type":"tag","line":12,"col":1,"val":"a","selfClosing":false}
{"type":"startattributes","line":12,"col":2}
{"type":"attribute","line":12,"col":3,"name":"href","val":"/contact","escape":true}
{"type":"endattributes","line":12,"col":18}
{"type":"text","line":12,"col":20,"val":"contact"}
{"type":"newline","line":13,"col":1}
{"type":"tag","line":13,"col":1,"val":"a","selfClosing":false}
{"type":"startattributes","line":13,"col":2}
{"type":"attribute","line":13,"col":3,"name":"href","val":"/save","escape":true}
{"type":"endattributes","line":13,"col":15}
{"type":"class","line":13,"col":16,"val":"button"}
{"type":"text","line":13,"col":24,"val":"save"}
{"type":"newline","line":14,"col":1}
{"type":"tag","line":14,"col":1,"val":"a","selfClosing":false}
{"type":"startattributes","line":14,"col":2}
{"type":"attribute","line":14,"col":3,"name":"foo","val":true,"escape":true}
{"type":"attribute","line":14,"col":7,"name":"bar","val":true,"escape":true}
{"type":"attribute","line":14,"col":11,"name":"baz","val":true,"escape":true}
{"type":"endattributes","line":14,"col":14}
{"type":"newline","line":15,"col":1}
{"type":"tag","line":15,"col":1,"val":"a","selfClosing":false}
{"type":"startattributes","line":15,"col":2}
{"type":"attribute","line":15,"col":3,"name":"foo","val":"foo, bar, baz","escape":true}
{"type":"attribute","line":15,"col":23,"name":"bar","val":{"value":"1"},"escape":true}
{"type":"endattributes","line":15,"col":28}
{"type":"newline","line":16,"col":1}
{"type":"tag","line":16,"col":1,"val":"a","selfClosing":false}
{"type":"startattributes","line":16,"col":2}
{"type":"attribute","line":16,"col":3,"name":"foo","val":"((foo))","escape":true}
{"type":"attribute","line":16,"col":17,"name":"bar","val":{"value":"(1) ? 1 : 0"},"escape":true}
{"type":"endattributes","line":16,"col":34}
{"type":"newline","line":17,"col":1}
{"type":"tag","line":17,"col":1,"val":"select","selfClosing":false}
{"type":"indent","line":18,"col":1,"val":"2"}
{"type":"tag","line":18,"col":3,"val":"option","selfClosing":false}
{"type":"startattributes","line":18,"col":9}
{"type":"attribute","line":18,"col":10,"name":"value","val":"foo","escape":true}
{"type":"attribute","line":18,"col":22,"name":"selected","val":true,"escape":true}
{"type":"endattributes","line":18,"col":30}
{"type":"text","line":18,"col":32,"val":"Foo"}
{"type":"newline","line":19,"col":1}
{"type":"tag","line":19,"col":3,"val":"option","selfClosing":false}
{"type":"startattributes","line":19,"col":9}
{"type":"attribute","line":19,"col":10,"name":"selected","val":true,"escape":true}
{"type":"attribute","line":19,"col":19,"name":"value","val":"bar","escape":true}
{"type":"endattributes","line":19,"col":30}
{"type":"text","line":19,"col":32,"val":"Bar"}
{"type":"outdent","line":20,"col":1}
{"type":"tag","line":20,"col":1,"val":"a","selfClosing":false}
{"type":"startattributes","line":20,"col":2}
{"type":"attribute","line":20,"col":3,"name":"foo","val":"class:","escape":true}
{"type":"endattributes","line":20,"col":15}
{"type":"newline","line":21,"col":1}
{"type":"tag","line":21,"col":1,"val":"input","selfClosing":false}
{"type":"startattributes","line":21,"col":6}
{"type":"attribute","line":21,"col":7,"name":"pattern","val":"\\S+","escape":true}
{"type":"endattributes","line":21,"col":21}
{"type":"newline","line":22,"col":1}
{"type":"tag","line":22,"col":1,"val":"foo","selfClosing":false}
{"type":"startattributes","line":22,"col":4}
{"type":"attribute","line":22,"col":5,"name":"terse","val":"true","escape":true}
{"type":"endattributes","line":22,"col":17}
{"type":"newline","line":24,"col":1}
{"type":"code","line":24,"col":1,"val":"var attrs = {foo: 'bar', bar: '<baz>'}","escape":false,"buffer":false}
{"type":"newline","line":26,"col":1}
{"type":"tag","line":26,"col":1,"val":"div","selfClosing":false}
{"type":"&attributes","line":26,"col":4,"val":"attrs"}
{"type":"newline","line":27,"col":1}
{"type":"eos","line":27,"col":1}
