{"type":"code","line":1,"col":1,"val":"var id = 5","escape":false,"buffer":false}
{"type":"newline","line":2,"col":1}
{"type":"code","line":2,"col":1,"val":"function answer() { return 42; }","escape":false,"buffer":false}
{"type":"newline","line":3,"col":1}
{"type":"tag","line":3,"col":1,"val":"a","selfClosing":false}
{"type":"startattributes","line":3,"col":2}
{"type":"attribute","line":3,"col":3,"name":"href","val":{"value":"'/user/' + id"},"escape":true}
{"type":"attribute","line":3,"col":23,"name":"class","val":"button","escape":true}
{"type":"endattributes","line":3,"col":37}
{"type":"newline","line":4,"col":1}
{"type":"tag","line":4,"col":1,"val":"a","selfClosing":false}
{"type":"startattributes","line":4,"col":2}
{"type":"attribute","line":4,"col":3,"name":"href","val":{"value":"'/user/' + id"},"escape":true}
{"type":"attribute","line":4,"col":27,"name":"class","val":"button","escape":true}
{"type":"endattributes","line":4,"col":45}
{"type":"newline","line":5,"col":1}
{"type":"tag","line":5,"col":1,"val":"meta","selfClosing":false}
{"type":"startattributes","line":5,"col":5}
{"type":"attribute","line":5,"col":6,"name":"key","val":"answer","escape":true}
{"type":"attribute","line":5,"col":20,"name":"value","val":{"value":"answer()"},"escape":true}
{"type":"endattributes","line":5,"col":34}
{"type":"newline","line":6,"col":1}
{"type":"tag","line":6,"col":1,"val":"a","selfClosing":false}
{"type":"startattributes","line":6,"col":2}
{"type":"attribute","line":6,"col":3,"name":"class","val":{"value":"['class1', 'class2']"},"escape":true}
{"type":"endattributes","line":6,"col":31}
{"type":"newline","line":7,"col":1}
{"type":"tag","line":7,"col":1,"val":"a","selfClosing":false}
{"type":"class","line":7,"col":2,"val":"tag-class"}
{"type":"startattributes","line":7,"col":12}
{"type":"attribute","line":7,"col":13,"name":"class","val":{"value":"['class1', 'class2']"},"escape":true}
{"type":"endattributes","line":7,"col":41}
{"type":"newline","line":9,"col":1}
{"type":"tag","line":9,"col":1,"val":"a","selfClosing":false}
{"type":"startattributes","line":9,"col":2}
{"type":"attribute","line":9,"col":3,"name":"href","val":{"value":"'/user/' + id"},"escape":true}
{"type":"attribute","line":9,"col":22,"name":"class","val":"button","escape":true}
{"type":"endattributes","line":9,"col":36}
{"type":"newline","line":10,"col":1}
{"type":"tag","line":10,"col":1,"val":"a","selfClosing":false}
{"type":"startattributes","line":10,"col":2}
{"type":"attribute","line":10,"col":3,"name":"href","val":{"value":"'/user/' + id"},"escape":true}
{"type":"attribute","line":10,"col":26,"name":"class","val":"button","escape":true}
{"type":"endattributes","line":10,"col":44}
{"type":"newline","line":11,"col":1}
{"type":"tag","line":11,"col":1,"val":"meta","selfClosing":false}
{"type":"startattributes","line":11,"col":5}
{"type":"attribute","line":11,"col":6,"name":"key","val":"answer","escape":true}
{"type":"attribute","line":11,"col":19,"name":"value","val":{"value":"answer()"},"escape":true}
{"type":"endattributes","line":11,"col":33}
{"type":"newline","line":12,"col":1}
{"type":"tag","line":12,"col":1,"val":"a","selfClosing":false}
{"type":"startattributes","line":12,"col":2}
{"type":"attribute","line":12,"col":3,"name":"class","val":{"value":"['class1', 'class2']"},"escape":true}
{"type":"endattributes","line":12,"col":31}
{"type":"newline","line":13,"col":1}
{"type":"tag","line":13,"col":1,"val":"a","selfClosing":false}
{"type":"class","line":13,"col":2,"val":"tag-class"}
{"type":"startattributes","line":13,"col":12}
{"type":"attribute","line":13,"col":13,"name":"class","val":{"value":"['class1', 'class2']"},"escape":true}
{"type":"endattributes","line":13,"col":41}
{"type":"newline","line":15,"col":1}
{"type":"tag","line":15,"col":1,"val":"div","selfClosing":false}
{"type":"startattributes","line":15,"col":4}
{"type":"attribute","line":15,"col":5,"name":"id","val":{"value":"id"},"escape":true}
{"type":"endattributes","line":15,"col":10}
{"type":"&attributes","line":15,"col":11,"val":"{foo: 'bar'}"}
{"type":"newline","line":16,"col":1}
{"type":"code","line":16,"col":1,"val":"var bar = null","escape":false,"buffer":false}
{"type":"newline","line":17,"col":1}
{"type":"tag","line":17,"col":1,"val":"div","selfClosing":false}
{"type":"startattributes","line":17,"col":4}
{"type":"attribute","line":17,"col":5,"name":"foo","val":{"value":"null"},"escape":true}
{"type":"attribute","line":17,"col":14,"name":"bar","val":{"value":"bar"},"escape":true}
{"type":"endattributes","line":17,"col":21}
{"type":"&attributes","line":17,"col":22,"val":"{baz: 'baz'}"}
{"type":"newline","line":18,"col":1}
{"type":"eos","line":18,"col":1}
