{"type":"tag","line":1,"col":1,"val":"a","selfClosing":false}
{"type":"startattributes","line":1,"col":2}
{"type":"attribute","line":1,"col":3,"name":"class","val":"","escape":true}
{"type":"endattributes","line":1,"col":11}
{"type":"newline","line":2,"col":1}
{"type":"tag","line":2,"col":1,"val":"a","selfClosing":false}
{"type":"startattributes","line":2,"col":2}
{"type":"attribute","line":2,"col":3,"name":"class","val":{"value":"null"},"escape":true}
{"type":"endattributes","line":2,"col":13}
{"type":"newline","line":3,"col":1}
{"type":"tag","line":3,"col":1,"val":"a","selfClosing":false}
{"type":"startattributes","line":3,"col":2}
{"type":"attribute","line":3,"col":3,"name":"class","val":{"value":"undefined"},"escape":true}
{"type":"endattributes","line":3,"col":18}
{"type":"eos","line":3,"col":19}
