{"type":"tag","line":1,"col":1,"val":"a","selfClosing":false}
{"type":"startattributes","line":1,"col":2}
{"type":"attribute","line":1,"col":3,"name":"class","val":{"value":"['foo', 'bar', 'baz']"},"escape":true}
{"type":"endattributes","line":1,"col":30}
{"type":"newline","line":5,"col":1}
{"type":"tag","line":5,"col":1,"val":"a","selfClosing":false}
{"type":"class","line":5,"col":2,"val":"foo"}
{"type":"startattributes","line":5,"col":6}
{"type":"attribute","line":5,"col":7,"name":"class","val":"bar","escape":true}
{"type":"endattributes","line":5,"col":18}
{"type":"class","line":5,"col":19,"val":"baz"}
{"type":"newline","line":9,"col":1}
{"type":"tag","line":9,"col":1,"val":"a","selfClosing":false}
{"type":"class","line":9,"col":2,"val":"foo-bar_baz"}
{"type":"newline","line":11,"col":1}
{"type":"tag","line":11,"col":1,"val":"a","selfClosing":false}
{"type":"startattributes","line":11,"col":2}
{"type":"attribute","line":11,"col":3,"name":"class","val":{"value":"{foo: true, bar: false, baz: true}"},"escape":true}
{"type":"endattributes","line":11,"col":43}
{"type":"newline","line":12,"col":1}
{"type":"eos","line":12,"col":1}
