{"type":"tag","line":1,"col":1,"val":"p","selfClosing":false}
{"type":"code","line":1,"col":2,"val":"null","escape":true,"buffer":true}
{"type":"newline","line":2,"col":1}
{"type":"tag","line":2,"col":1,"val":"p","selfClosing":false}
{"type":"code","line":2,"col":2,"val":"undefined","escape":true,"buffer":true}
{"type":"newline","line":3,"col":1}
{"type":"tag","line":3,"col":1,"val":"p","selfClosing":false}
{"type":"code","line":3,"col":2,"val":"''","escape":true,"buffer":true}
{"type":"newline","line":4,"col":1}
{"type":"tag","line":4,"col":1,"val":"p","selfClosing":false}
{"type":"code","line":4,"col":2,"val":"0","escape":true,"buffer":true}
{"type":"newline","line":5,"col":1}
{"type":"tag","line":5,"col":1,"val":"p","selfClosing":false}
{"type":"code","line":5,"col":2,"val":"false","escape":true,"buffer":true}
{"type":"newline","line":6,"col":1}
{"type":"tag","line":6,"col":1,"val":"p","selfClosing":false}
{"type":"startattributes","line":6,"col":2}
{"type":"attribute","line":6,"col":3,"name":"foo","val":{"value":"null"},"escape":true}
{"type":"endattributes","line":6,"col":11}
{"type":"newline","line":7,"col":1}
{"type":"tag","line":7,"col":1,"val":"p","selfClosing":false}
{"type":"startattributes","line":7,"col":2}
{"type":"attribute","line":7,"col":3,"name":"foo","val":{"value":"undefined"},"escape":true}
{"type":"endattributes","line":7,"col":16}
{"type":"newline","line":8,"col":1}
{"type":"tag","line":8,"col":1,"val":"p","selfClosing":false}
{"type":"startattributes","line":8,"col":2}
{"type":"attribute","line":8,"col":3,"name":"foo","val":"","escape":true}
{"type":"endattributes","line":8,"col":9}
{"type":"newline","line":9,"col":1}
{"type":"tag","line":9,"col":1,"val":"p","selfClosing":false}
{"type":"startattributes","line":9,"col":2}
{"type":"attribute","line":9,"col":3,"name":"foo","val":{"value":"0"},"escape":true}
{"type":"endattributes","line":9,"col":8}
{"type":"newline","line":10,"col":1}
{"type":"tag","line":10,"col":1,"val":"p","selfClosing":false}
{"type":"startattributes","line":10,"col":2}
{"type":"attribute","line":10,"col":3,"name":"foo","val":{"value":"false"},"escape":true}
{"type":"endattributes","line":10,"col":12}
{"type":"eos","line":10,"col":13}
