{"type":"tag","line":1,"col":1,"val":"foo","selfClosing":false}
{"type":"startattributes","line":1,"col":4}
{"type":"attribute","line":1,"col":5,"name":"attr","val":"<%= bar %>","escape":true}
{"type":"endattributes","line":1,"col":22}
{"type":"newline","line":2,"col":1}
{"type":"tag","line":2,"col":1,"val":"foo","selfClosing":false}
{"type":"startattributes","line":2,"col":4}
{"type":"attribute","line":2,"col":5,"name":"class","val":"<%= bar %>","escape":true}
{"type":"endattributes","line":2,"col":23}
{"type":"newline","line":3,"col":1}
{"type":"tag","line":3,"col":1,"val":"foo","selfClosing":false}
{"type":"startattributes","line":3,"col":4}
{"type":"attribute","line":3,"col":5,"name":"attr","val":"<%= bar %>","escape":false}
{"type":"endattributes","line":3,"col":23}
{"type":"newline","line":4,"col":1}
{"type":"tag","line":4,"col":1,"val":"foo","selfClosing":false}
{"type":"startattributes","line":4,"col":4}
{"type":"attribute","line":4,"col":5,"name":"class","val":"<%= bar %>","escape":false}
{"type":"endattributes","line":4,"col":24}
{"type":"newline","line":5,"col":1}
{"type":"tag","line":5,"col":1,"val":"foo","selfClosing":false}
{"type":"startattributes","line":5,"col":4}
{"type":"attribute","line":5,"col":5,"name":"class","val":"<%= bar %> lol rofl","escape":false}
{"type":"endattributes","line":5,"col":33}
{"type":"newline","line":6,"col":1}
{"type":"tag","line":6,"col":1,"val":"foo","selfClosing":false}
{"type":"startattributes","line":6,"col":4}
{"type":"attribute","line":6,"col":5,"name":"class","val":"<%= bar %> lol rofl <%= lmao %>","escape":false}
{"type":"endattributes","line":6,"col":45}
{"type":"newline","line":7,"col":1}
{"type":"eos","line":7,"col":1}
