{"type":"tag","line":1,"col":1,"val":"html","selfClosing":false}
{"type":"indent","line":2,"col":1,"val":"2"}
{"type":"tag","line":2,"col":3,"val":"head","selfClosing":false}
{"type":"indent","line":3,"col":1,"val":"4"}
{"type":"tag","line":3,"col":5,"val":"style","selfClosing":false}
{"type":"startattributes","line":3,"col":10}
{"type":"attribute","line":3,"col":11,"name":"type","val":"text/css","escape":true}
{"type":"endattributes","line":3,"col":26}
{"type":"indent","line":4,"col":1,"val":"6"}
{"type":"filter","line":4,"col":7,"val":"less"}
{"type":"start-pipeless-text","line":4,"col":12}
{"type":"text","line":5,"col":9,"val":"@pad: 15px;"}
{"type":"newline","line":6,"col":1}
{"type":"text","line":6,"col":9,"val":"body {"}
{"type":"newline","line":7,"col":1}
{"type":"text","line":7,"col":9,"val":"  padding: @pad;"}
{"type":"newline","line":8,"col":1}
{"type":"text","line":8,"col":9,"val":"}"}
{"type":"end-pipeless-text","line":8,"col":10}
{"type":"outdent","line":8,"col":10}
{"type":"outdent","line":8,"col":10}
{"type":"outdent","line":8,"col":10}
{"type":"eos","line":8,"col":10}
