{"type":"newline","line":2,"col":1}
{"type":"code","line":2,"col":1,"val":"users = [{ name: 'tobi', age: 2 }]","escape":false,"buffer":false}
{"type":"newline","line":4,"col":1}
{"type":"tag","line":4,"col":1,"val":"fb:users","selfClosing":false}
{"type":"indent","line":5,"col":1,"val":"2"}
{"type":"each","line":5,"col":3,"val":"user"}
{"type":"indent","line":6,"col":1,"val":"4"}
{"type":"tag","line":6,"col":5,"val":"fb:user","selfClosing":false}
{"type":"startattributes","line":6,"col":12}
{"type":"attribute","line":6,"col":13,"name":"age","val":{"value":"user.age"},"escape":true}
{"type":"endattributes","line":6,"col":25}
{"type":"indent","line":7,"col":1,"val":"6"}
{"type":"filter","line":7,"col":7,"val":"cdata"}
{"type":"start-pipeless-text","line":7,"col":13}
{"type":"text","line":8,"col":9,"val":"#{user.name}"}
{"type":"end-pipeless-text","line":8,"col":21}
{"type":"outdent","line":8,"col":21}
{"type":"outdent","line":8,"col":21}
{"type":"outdent","line":8,"col":21}
{"type":"eos","line":8,"col":21}
