{"type":"tag","line":1,"col":1,"val":"html","selfClosing":false}
{"type":"indent","line":2,"col":1,"val":"2"}
{"type":"tag","line":2,"col":3,"val":"body","selfClosing":false}
{"type":"indent","line":3,"col":1,"val":"4"}
{"type":"include","line":3,"col":5}
{"type":"filter","line":3,"col":12,"val":"md"}
{"type":"path","line":3,"col":16,"val":"some.md"}
{"type":"newline","line":4,"col":1}
{"type":"tag","line":4,"col":5,"val":"script","selfClosing":false}
{"type":"indent","line":5,"col":1,"val":"6"}
{"type":"include","line":5,"col":7}
{"type":"filter","line":5,"col":14,"val":"coffee"}
{"type":"startattributes","line":5,"col":21}
{"type":"attribute","line":5,"col":22,"name":"minify","val":{"value":"true"},"escape":true}
{"type":"endattributes","line":5,"col":33}
{"type":"path","line":5,"col":35,"val":"include-filter-coffee.coffee"}
{"type":"outdent","line":6,"col":1}
{"type":"tag","line":6,"col":5,"val":"script","selfClosing":false}
{"type":"indent","line":7,"col":1,"val":"6"}
{"type":"include","line":7,"col":7}
{"type":"filter","line":7,"col":14,"val":"coffee"}
{"type":"startattributes","line":7,"col":21}
{"type":"attribute","line":7,"col":22,"name":"minify","val":{"value":"false"},"escape":true}
{"type":"endattributes","line":7,"col":34}
{"type":"path","line":7,"col":36,"val":"include-filter-coffee.coffee"}
{"type":"outdent","line":8,"col":1}
{"type":"outdent","line":8,"col":1}
{"type":"outdent","line":8,"col":1}
{"type":"eos","line":8,"col":1}
