{"type":"newline","line":2,"col":1}
{"type":"include","line":2,"col":1}
{"type":"path","line":2,"col":9,"val":"auxiliary/mixins"}
{"type":"newline","line":4,"col":1}
{"type":"call","line":4,"col":1,"val":"foo"}
{"type":"newline","line":6,"col":1}
{"type":"tag","line":6,"col":1,"val":"body","selfClosing":false}
{"type":"indent","line":7,"col":1,"val":"2"}
{"type":"include","line":7,"col":3}
{"type":"path","line":7,"col":11,"val":"auxiliary/smile.html"}
{"type":"newline","line":8,"col":1}
{"type":"include","line":8,"col":3}
{"type":"path","line":8,"col":11,"val":"auxiliary/escapes.html"}
{"type":"newline","line":9,"col":1}
{"type":"tag","line":9,"col":3,"val":"script","selfClosing":false}
{"type":"startattributes","line":9,"col":9}
{"type":"attribute","line":9,"col":10,"name":"type","val":"text/javascript","escape":true}
{"type":"endattributes","line":9,"col":32}
{"type":"indent","line":10,"col":1,"val":"4"}
{"type":"include","line":10,"col":5}
{"type":"filter","line":10,"col":12,"val":"js"}
{"type":"path","line":10,"col":16,"val":"auxiliary/includable.js"}
{"type":"outdent","line":11,"col":1}
{"type":"outdent","line":11,"col":1}
{"type":"eos","line":11,"col":1}
