{"type":"mixin","line":1,"col":1,"val":"centered","args":"title"}
{"type":"indent","line":2,"col":1,"val":"2"}
{"type":"tag","line":2,"col":3,"val":"div","selfClosing":false}
{"type":"class","line":2,"col":6,"val":"centered"}
{"type":"startattributes","line":2,"col":15}
{"type":"attribute","line":2,"col":16,"name":"id","val":{"value":"attributes.id"},"escape":true}
{"type":"endattributes","line":2,"col":32}
{"type":"indent","line":3,"col":1,"val":"4"}
{"type":"code","line":3,"col":5,"val":"if (title)","escape":false,"buffer":false}
{"type":"indent","line":4,"col":1,"val":"6"}
{"type":"tag","line":4,"col":7,"val":"h1","selfClosing":false}
{"type":"startattributes","line":4,"col":9}
{"type":"attribute","line":4,"col":10,"name":"class","val":{"value":"attributes.class"},"escape":true}
{"type":"endattributes","line":4,"col":32}
{"type":"code","line":4,"col":33,"val":"title","escape":true,"buffer":true}
{"type":"outdent","line":5,"col":1}
{"type":"mixin-block","line":5,"col":5}
{"type":"newline","line":6,"col":1}
{"type":"code","line":6,"col":5,"val":"if (attributes.href)","escape":false,"buffer":false}
{"type":"indent","line":7,"col":1,"val":"6"}
{"type":"class","line":7,"col":7,"val":"footer"}
{"type":"indent","line":8,"col":1,"val":"8"}
{"type":"tag","line":8,"col":9,"val":"a","selfClosing":false}
{"type":"startattributes","line":8,"col":10}
{"type":"attribute","line":8,"col":11,"name":"href","val":{"value":"attributes.href"},"escape":true}
{"type":"endattributes","line":8,"col":31}
{"type":"text","line":8,"col":33,"val":"Back"}
{"type":"outdent","line":10,"col":1}
{"type":"outdent","line":10,"col":1}
{"type":"outdent","line":10,"col":1}
{"type":"outdent","line":10,"col":1}
{"type":"mixin","line":10,"col":1,"val":"main","args":"title"}
{"type":"indent","line":11,"col":1,"val":"2"}
{"type":"tag","line":11,"col":3,"val":"div","selfClosing":false}
{"type":"class","line":11,"col":6,"val":"stretch"}
{"type":"indent","line":12,"col":1,"val":"4"}
{"type":"call","line":12,"col":5,"val":"centered","args":"title"}
{"type":"class","line":12,"col":20,"val":"highlight"}
{"type":"&attributes","line":12,"col":30,"val":"attributes"}
{"type":"indent","line":13,"col":1,"val":"6"}
{"type":"mixin-block","line":13,"col":7}
{"type":"outdent","line":15,"col":1}
{"type":"outdent","line":15,"col":1}
{"type":"outdent","line":15,"col":1}
{"type":"mixin","line":15,"col":1,"val":"bottom"}
{"type":"indent","line":16,"col":1,"val":"2"}
{"type":"tag","line":16,"col":3,"val":"div","selfClosing":false}
{"type":"class","line":16,"col":6,"val":"bottom"}
{"type":"&attributes","line":16,"col":13,"val":"attributes"}
{"type":"indent","line":17,"col":1,"val":"4"}
{"type":"mixin-block","line":17,"col":5}
{"type":"outdent","line":19,"col":1}
{"type":"outdent","line":19,"col":1}
{"type":"tag","line":19,"col":1,"val":"body","selfClosing":false}
{"type":"indent","line":20,"col":1,"val":"2"}
{"type":"call","line":20,"col":3,"val":"centered"}
{"type":"id","line":20,"col":12,"val":"First"}
{"type":"text","line":20,"col":19,"val":"Hello World"}
{"type":"newline","line":21,"col":1}
{"type":"call","line":21,"col":3,"val":"centered","args":"'Section 1'"}
{"type":"id","line":21,"col":24,"val":"Second"}
{"type":"indent","line":22,"col":1,"val":"4"}
{"type":"tag","line":22,"col":5,"val":"p","selfClosing":false}
{"type":"text","line":22,"col":7,"val":"Some important content."}
{"type":"outdent","line":23,"col":1}
{"type":"call","line":23,"col":3,"val":"centered","args":"'Section 2'"}
{"type":"id","line":23,"col":24,"val":"Third"}
{"type":"class","line":23,"col":30,"val":"foo"}
{"type":"startattributes","line":23,"col":34}
{"type":"attribute","line":23,"col":35,"name":"href","val":"menu.html","escape":true}
{"type":"attribute","line":23,"col":53,"name":"class","val":"bar","escape":true}
{"type":"endattributes","line":23,"col":64}
{"type":"indent","line":24,"col":1,"val":"4"}
{"type":"tag","line":24,"col":5,"val":"p","selfClosing":false}
{"type":"text","line":24,"col":7,"val":"Even more important content."}
{"type":"outdent","line":25,"col":1}
{"type":"call","line":25,"col":3,"val":"main","args":"'Section 3'"}
{"type":"startattributes","line":25,"col":20}
{"type":"attribute","line":25,"col":21,"name":"href","val":"#","escape":true}
{"type":"endattributes","line":25,"col":29}
{"type":"indent","line":26,"col":1,"val":"4"}
{"type":"tag","line":26,"col":5,"val":"p","selfClosing":false}
{"type":"text","line":26,"col":7,"val":"Last content."}
{"type":"outdent","line":27,"col":1}
{"type":"call","line":27,"col":3,"val":"bottom"}
{"type":"class","line":27,"col":10,"val":"foo"}
{"type":"startattributes","line":27,"col":14}
{"type":"attribute","line":27,"col":15,"name":"class","val":"bar","escape":true}
{"type":"attribute","line":27,"col":28,"name":"name","val":"end","escape":true}
{"type":"attribute","line":27,"col":40,"name":"id","val":"Last","escape":true}
{"type":"attribute","line":27,"col":51,"name":"data-attr","val":"baz","escape":true}
{"type":"endattributes","line":27,"col":66}
{"type":"indent","line":28,"col":1,"val":"4"}
{"type":"tag","line":28,"col":5,"val":"p","selfClosing":false}
{"type":"text","line":28,"col":7,"val":"Some final words."}
{"type":"outdent","line":29,"col":1}
{"type":"call","line":29,"col":3,"val":"bottom"}
{"type":"startattributes","line":29,"col":10}
{"type":"attribute","line":29,"col":11,"name":"class","val":{"value":"['class1', 'class2']"},"escape":true}
{"type":"endattributes","line":29,"col":37}
{"type":"outdent","line":31,"col":1}
{"type":"mixin","line":31,"col":1,"val":"foo"}
{"type":"indent","line":32,"col":1,"val":"2"}
{"type":"tag","line":32,"col":3,"val":"div","selfClosing":false}
{"type":"class","line":32,"col":6,"val":"thing"}
{"type":"startattributes","line":32,"col":12}
{"type":"attribute","line":32,"col":13,"name":"attr1","val":"foo","escape":true}
{"type":"attribute","line":32,"col":26,"name":"attr2","val":"bar","escape":true}
{"type":"endattributes","line":32,"col":37}
{"type":"&attributes","line":32,"col":38,"val":"attributes"}
{"type":"outdent","line":34,"col":1}
{"type":"code","line":34,"col":1,"val":"var val = '<biz>'","escape":false,"buffer":false}
{"type":"newline","line":35,"col":1}
{"type":"code","line":35,"col":1,"val":"var classes = ['foo', 'bar']","escape":false,"buffer":false}
{"type":"newline","line":36,"col":1}
{"type":"call","line":36,"col":1,"val":"foo"}
{"type":"startattributes","line":36,"col":5}
{"type":"attribute","line":36,"col":6,"name":"attr3","val":"baz","escape":true}
{"type":"attribute","line":36,"col":18,"name":"data-foo","val":{"value":"val"},"escape":true}
{"type":"attribute","line":36,"col":31,"name":"data-bar","val":{"value":"val"},"escape":false}
{"type":"attribute","line":36,"col":45,"name":"class","val":{"value":"classes"},"escape":true}
{"type":"endattributes","line":36,"col":58}
{"type":"class","line":36,"col":59,"val":"thunk"}
{"type":"newline","line":38,"col":1}
{"type":"comment","line":38,"col":1,"val":" Regression test for #1424"}
{"type":"newline","line":39,"col":1}
{"type":"mixin","line":39,"col":1,"val":"work_filmstrip_item","args":"work"}
{"type":"indent","line":40,"col":1,"val":"2"}
{"type":"tag","line":40,"col":3,"val":"div","selfClosing":false}
{"type":"&attributes","line":40,"col":6,"val":"attributes"}
{"type":"code","line":40,"col":29,"val":"work","escape":true,"buffer":true}
{"type":"outdent","line":41,"col":1}
{"type":"call","line":41,"col":1,"val":"work_filmstrip_item","args":"'work'"}
{"type":"startattributes","line":41,"col":28}
{"type":"attribute","line":41,"col":29,"name":"data-profile","val":"profile","escape":true}
{"type":"attribute","line":41,"col":55,"name":"data-creator-name","val":"name","escape":true}
{"type":"endattributes","line":41,"col":81}
{"type":"newline","line":43,"col":1}
{"type":"call","line":43,"col":1,"val":"foo"}
{"type":"startattributes","line":43,"col":5}
{"type":"attribute","line":44,"col":3,"name":"attr3","val":"qux","escape":true}
{"type":"attribute","line":45,"col":3,"name":"class","val":"baz","escape":true}
{"type":"endattributes","line":46,"col":1}
{"type":"newline","line":47,"col":1}
{"type":"eos","line":47,"col":1}
