{"type":"newline","line":3,"col":1}
{"type":"mixin","line":3,"col":1,"val":"form","args":"method, action"}
{"type":"indent","line":4,"col":1,"val":"2"}
{"type":"tag","line":4,"col":3,"val":"form","selfClosing":false}
{"type":"startattributes","line":4,"col":7}
{"type":"attribute","line":4,"col":8,"name":"method","val":{"value":"method"},"escape":true}
{"type":"attribute","line":4,"col":23,"name":"action","val":{"value":"action"},"escape":true}
{"type":"endattributes","line":4,"col":36}
{"type":"indent","line":5,"col":1,"val":"4"}
{"type":"code","line":5,"col":5,"val":"var csrf_token_from_somewhere = 'hey'","escape":false,"buffer":false}
{"type":"newline","line":6,"col":1}
{"type":"tag","line":6,"col":5,"val":"input","selfClosing":false}
{"type":"startattributes","line":6,"col":10}
{"type":"attribute","line":6,"col":11,"name":"type","val":"hidden","escape":true}
{"type":"attribute","line":6,"col":26,"name":"name","val":"_csrf","escape":true}
{"type":"attribute","line":6,"col":40,"name":"value","val":{"value":"csrf_token_from_somewhere"},"escape":true}
{"type":"endattributes","line":6,"col":71}
{"type":"newline","line":7,"col":1}
{"type":"mixin-block","line":7,"col":5}
{"type":"outdent","line":9,"col":1}
{"type":"outdent","line":9,"col":1}
{"type":"tag","line":9,"col":1,"val":"html","selfClosing":false}
{"type":"indent","line":10,"col":1,"val":"2"}
{"type":"tag","line":10,"col":3,"val":"body","selfClosing":false}
{"type":"indent","line":11,"col":1,"val":"4"}
{"type":"call","line":11,"col":5,"val":"form","args":"'GET', '/search'"}
{"type":"indent","line":12,"col":1,"val":"6"}
{"type":"tag","line":12,"col":7,"val":"input","selfClosing":false}
{"type":"startattributes","line":12,"col":12}
{"type":"attribute","line":12,"col":13,"name":"type","val":"text","escape":true}
{"type":"attribute","line":12,"col":26,"name":"name","val":"query","escape":true}
{"type":"attribute","line":12,"col":40,"name":"placeholder","val":"Search","escape":true}
{"type":"endattributes","line":12,"col":60}
{"type":"newline","line":13,"col":1}
{"type":"tag","line":13,"col":7,"val":"input","selfClosing":false}
{"type":"startattributes","line":13,"col":12}
{"type":"attribute","line":13,"col":13,"name":"type","val":"submit","escape":true}
{"type":"attribute","line":13,"col":28,"name":"value","val":"Search","escape":true}
{"type":"endattributes","line":13,"col":42}
{"type":"outdent","line":15,"col":1}
{"type":"outdent","line":15,"col":1}
{"type":"outdent","line":15,"col":1}
{"type":"tag","line":15,"col":1,"val":"html","selfClosing":false}
{"type":"indent","line":16,"col":1,"val":"2"}
{"type":"tag","line":16,"col":3,"val":"body","selfClosing":false}
{"type":"indent","line":17,"col":1,"val":"4"}
{"type":"call","line":17,"col":5,"val":"form","args":"'POST', '/search'"}
{"type":"indent","line":18,"col":1,"val":"6"}
{"type":"tag","line":18,"col":7,"val":"input","selfClosing":false}
{"type":"startattributes","line":18,"col":12}
{"type":"attribute","line":18,"col":13,"name":"type","val":"text","escape":true}
{"type":"attribute","line":18,"col":26,"name":"name","val":"query","escape":true}
{"type":"attribute","line":18,"col":40,"name":"placeholder","val":"Search","escape":true}
{"type":"endattributes","line":18,"col":60}
{"type":"newline","line":19,"col":1}
{"type":"tag","line":19,"col":7,"val":"input","selfClosing":false}
{"type":"startattributes","line":19,"col":12}
{"type":"attribute","line":19,"col":13,"name":"type","val":"submit","escape":true}
{"type":"attribute","line":19,"col":28,"name":"value","val":"Search","escape":true}
{"type":"endattributes","line":19,"col":42}
{"type":"outdent","line":21,"col":1}
{"type":"outdent","line":21,"col":1}
{"type":"outdent","line":21,"col":1}
{"type":"tag","line":21,"col":1,"val":"html","selfClosing":false}
{"type":"indent","line":22,"col":1,"val":"2"}
{"type":"tag","line":22,"col":3,"val":"body","selfClosing":false}
{"type":"indent","line":23,"col":1,"val":"4"}
{"type":"call","line":23,"col":5,"val":"form","args":"'POST', '/search'"}
{"type":"outdent","line":25,"col":1}
{"type":"outdent","line":25,"col":1}
{"type":"mixin","line":25,"col":1,"val":"bar","args":""}
{"type":"indent","line":26,"col":1,"val":"2"}
{"type":"id","line":26,"col":3,"val":"bar"}
{"type":"indent","line":27,"col":1,"val":"4"}
{"type":"mixin-block","line":27,"col":5}
{"type":"outdent","line":29,"col":1}
{"type":"outdent","line":29,"col":1}
{"type":"mixin","line":29,"col":1,"val":"foo","args":""}
{"type":"indent","line":30,"col":1,"val":"2"}
{"type":"id","line":30,"col":3,"val":"foo"}
{"type":"indent","line":31,"col":1,"val":"4"}
{"type":"call","line":31,"col":5,"val":"bar"}
{"type":"indent","line":32,"col":1,"val":"6"}
{"type":"mixin-block","line":32,"col":7}
{"type":"outdent","line":34,"col":1}
{"type":"outdent","line":34,"col":1}
{"type":"outdent","line":34,"col":1}
{"type":"call","line":34,"col":1,"val":"foo"}
{"type":"indent","line":35,"col":1,"val":"2"}
{"type":"tag","line":35,"col":3,"val":"p","selfClosing":false}
{"type":"text","line":35,"col":5,"val":"one"}
{"type":"newline","line":36,"col":1}
{"type":"tag","line":36,"col":3,"val":"p","selfClosing":false}
{"type":"text","line":36,"col":5,"val":"two"}
{"type":"newline","line":37,"col":1}
{"type":"tag","line":37,"col":3,"val":"p","selfClosing":false}
{"type":"text","line":37,"col":5,"val":"three"}
{"type":"outdent","line":40,"col":1}
{"type":"mixin","line":40,"col":1,"val":"baz"}
{"type":"indent","line":41,"col":1,"val":"4"}
{"type":"id","line":41,"col":5,"val":"baz"}
{"type":"indent","line":42,"col":1,"val":"8"}
{"type":"mixin-block","line":42,"col":9}
{"type":"outdent","line":44,"col":1}
{"type":"outdent","line":44,"col":1}
{"type":"call","line":44,"col":1,"val":"baz","args":""}
{"type":"code","line":44,"col":6,"val":"'123'","escape":true,"buffer":true}
{"type":"eos","line":44,"col":13}
