{"type":"tag","line":1,"col":1,"val":"html","selfClosing":false}
{"type":"indent","line":2,"col":1,"val":"2"}
{"type":"tag","line":2,"col":3,"val":"audio","selfClosing":false}
{"type":"startattributes","line":2,"col":8}
{"type":"attribute","line":2,"col":9,"name":"preload","val":"auto","escape":true}
{"type":"attribute","line":2,"col":25,"name":"autobuffer","val":true,"escape":true}
{"type":"attribute","line":2,"col":37,"name":"controls","val":true,"escape":true}
{"type":"endattributes","line":2,"col":45}
{"type":"indent","line":3,"col":1,"val":"4"}
{"type":"tag","line":3,"col":5,"val":"source","selfClosing":false}
{"type":"startattributes","line":3,"col":11}
{"type":"attribute","line":3,"col":12,"name":"src","val":"foo","escape":true}
{"type":"endattributes","line":3,"col":21}
{"type":"newline","line":4,"col":1}
{"type":"tag","line":4,"col":5,"val":"source","selfClosing":false}
{"type":"startattributes","line":4,"col":11}
{"type":"attribute","line":4,"col":12,"name":"src","val":"bar","escape":true}
{"type":"endattributes","line":4,"col":21}
{"type":"outdent","line":4,"col":22}
{"type":"outdent","line":4,"col":22}
{"type":"eos","line":4,"col":22}
