{"type":"tag","line":1,"col":1,"val":"option","selfClosing":false}
{"type":"startattributes","line":1,"col":7}
{"type":"attribute","line":1,"col":8,"name":"value","val":"","escape":true}
{"type":"endattributes","line":1,"col":16}
{"type":"text","line":1,"col":18,"val":"-- (selected) --"}
{"type":"newline","line":3,"col":1}
{"type":"tag","line":3,"col":1,"val":"p","selfClosing":false}
{"type":"indent","line":4,"col":1,"val":"2"}
{"type":"text","line":4,"col":5,"val":"foo"}
{"type":"newline","line":5,"col":1}
{"type":"text","line":5,"col":5,"val":"bar"}
{"type":"newline","line":6,"col":1}
{"type":"text","line":6,"col":5,"val":"baz"}
{"type":"outdent","line":8,"col":1}
{"type":"tag","line":8,"col":1,"val":"p","selfClosing":false}
{"type":"dot","line":8,"col":2}
{"type":"start-pipeless-text","line":8,"col":3}
{"type":"text","line":9,"col":3,"val":"foo"}
{"type":"newline","line":10,"col":1}
{"type":"text","line":10,"col":1,"val":""}
{"type":"newline","line":11,"col":1}
{"type":"text","line":11,"col":1,"val":""}
{"type":"newline","line":12,"col":1}
{"type":"text","line":12,"col":3,"val":"bar"}
{"type":"newline","line":13,"col":1}
{"type":"text","line":13,"col":3,"val":"baz"}
{"type":"newline","line":14,"col":1}
{"type":"text","line":14,"col":1,"val":""}
{"type":"end-pipeless-text","line":14,"col":1}
{"type":"newline","line":15,"col":1}
{"type":"tag","line":15,"col":1,"val":"pre","selfClosing":false}
{"type":"indent","line":16,"col":1,"val":"2"}
{"type":"text","line":16,"col":5,"val":"foo"}
{"type":"newline","line":17,"col":1}
{"type":"text","line":17,"col":5,"val":"  bar"}
{"type":"newline","line":18,"col":1}
{"type":"text","line":18,"col":5,"val":"    baz"}
{"type":"newline","line":19,"col":1}
{"type":"text","line":19,"col":5,"val":"."}
{"type":"outdent","line":21,"col":1}
{"type":"tag","line":21,"col":1,"val":"pre","selfClosing":false}
{"type":"dot","line":21,"col":4}
{"type":"start-pipeless-text","line":21,"col":5}
{"type":"text","line":22,"col":3,"val":"foo"}
{"type":"newline","line":23,"col":1}
{"type":"text","line":23,"col":3,"val":"  bar"}
{"type":"newline","line":24,"col":1}
{"type":"text","line":24,"col":3,"val":"    baz"}
{"type":"newline","line":25,"col":1}
{"type":"text","line":25,"col":3,"val":"."}
{"type":"end-pipeless-text","line":25,"col":4}
{"type":"eos","line":25,"col":4}
