{"type":"tag","line":1,"col":1,"val":"html","selfClosing":false}
{"type":"indent","line":2,"col":1,"val":"2"}
{"type":"tag","line":2,"col":3,"val":"body","selfClosing":false}
{"type":"indent","line":3,"col":1,"val":"4"}
{"type":"include","line":3,"col":5}
{"type":"path","line":3,"col":13,"val":"yield-before-conditional-head"}
{"type":"indent","line":4,"col":1,"val":"6"}
{"type":"tag","line":4,"col":7,"val":"script","selfClosing":false}
{"type":"startattributes","line":4,"col":13}
{"type":"attribute","line":4,"col":14,"name":"src","val":"/caustic.js","escape":true}
{"type":"endattributes","line":4,"col":31}
{"type":"newline","line":5,"col":1}
{"type":"tag","line":5,"col":7,"val":"script","selfClosing":false}
{"type":"startattributes","line":5,"col":13}
{"type":"attribute","line":5,"col":14,"name":"src","val":"/app.js","escape":true}
{"type":"endattributes","line":5,"col":27}
{"type":"outdent","line":6,"col":1}
{"type":"outdent","line":6,"col":1}
{"type":"outdent","line":6,"col":1}
{"type":"eos","line":6,"col":1}
